=== ladder_c8d2 ===
[d=5 p=0.008] epoch 1/25 loss 0.23982
[d=5 p=0.008] epoch 2/25 loss 0.17117
[d=5 p=0.008] epoch 3/25 loss 0.15982
[d=5 p=0.008] epoch 4/25 loss 0.15308
[d=5 p=0.008] epoch 5/25 loss 0.14871
[d=5 p=0.008] epoch 6/25 loss 0.14602
[d=5 p=0.008] epoch 7/25 loss 0.14400
[d=5 p=0.008] epoch 8/25 loss 0.14242
[d=5 p=0.008] epoch 9/25 loss 0.14104
[d=5 p=0.008] epoch 10/25 loss 0.13978
[d=5 p=0.008] epoch 11/25 loss 0.13870
[d=5 p=0.008] epoch 12/25 loss 0.13768
[d=5 p=0.008] epoch 13/25 loss 0.13659
[d=5 p=0.008] epoch 14/25 loss 0.13562
[d=5 p=0.008] epoch 15/25 loss 0.13464
[d=5 p=0.008] epoch 16/25 loss 0.13340
[d=5 p=0.008] epoch 17/25 loss 0.13101
[d=5 p=0.008] epoch 18/25 loss 0.12942
[d=5 p=0.008] epoch 19/25 loss 0.12832
[d=5 p=0.008] epoch 20/25 loss 0.12744
[d=5 p=0.008] epoch 21/25 loss 0.12669
[d=5 p=0.008] epoch 22/25 loss 0.12610
[d=5 p=0.008] epoch 23/25 loss 0.12561
[d=5 p=0.008] epoch 24/25 loss 0.12525
[d=5 p=0.008] epoch 25/25 loss 0.12502
[d=5 p=0.008] eval_p=0.004 p_L nn=7.22e-03 mwpm=7.59e-03
[d=5 p=0.008] eval_p=0.006 p_L nn=2.33e-02 mwpm=2.31e-02
[d=5 p=0.008] eval_p=0.008 p_L nn=5.19e-02 mwpm=4.93e-02
wrote experiments/ladder_c8d2.results.json
=== ladder_c16d2 ===
[d=5 p=0.008] epoch 1/25 loss 0.21667
[d=5 p=0.008] epoch 2/25 loss 0.14953
[d=5 p=0.008] epoch 3/25 loss 0.13866
[d=5 p=0.008] epoch 4/25 loss 0.13315
[d=5 p=0.008] epoch 5/25 loss 0.13003
[d=5 p=0.008] epoch 6/25 loss 0.12778
[d=5 p=0.008] epoch 7/25 loss 0.12596
[d=5 p=0.008] epoch 8/25 loss 0.12451
[d=5 p=0.008] epoch 9/25 loss 0.12326
[d=5 p=0.008] epoch 10/25 loss 0.12202
[d=5 p=0.008] epoch 11/25 loss 0.12087
[d=5 p=0.008] epoch 12/25 loss 0.11983
[d=5 p=0.008] epoch 13/25 loss 0.11876
[d=5 p=0.008] epoch 14/25 loss 0.11779
[d=5 p=0.008] epoch 15/25 loss 0.11679
[d=5 p=0.008] epoch 16/25 loss 0.11579
[d=5 p=0.008] epoch 17/25 loss 0.11482
[d=5 p=0.008] epoch 18/25 loss 0.11390
[d=5 p=0.008] epoch 19/25 loss 0.11304
[d=5 p=0.008] epoch 20/25 loss 0.11223
[d=5 p=0.008] epoch 21/25 loss 0.11146
[d=5 p=0.008] epoch 22/25 loss 0.11083
[d=5 p=0.008] epoch 23/25 loss 0.11031
[d=5 p=0.008] epoch 24/25 loss 0.10992
[d=5 p=0.008] epoch 25/25 loss 0.10967
[d=5 p=0.008] eval_p=0.004 p_L nn=6.12e-03 mwpm=7.59e-03
[d=5 p=0.008] eval_p=0.006 p_L nn=2.05e-02 mwpm=2.31e-02
[d=5 p=0.008] eval_p=0.008 p_L nn=4.64e-02 mwpm=4.93e-02
wrote experiments/ladder_c16d2.results.json
=== ladder_c16d3 ===
[d=5 p=0.008] epoch 1/25 loss 0.17781
[d=5 p=0.008] epoch 2/25 loss 0.12334
[d=5 p=0.008] epoch 3/25 loss 0.11666
[d=5 p=0.008] epoch 4/25 loss 0.11318
[d=5 p=0.008] epoch 5/25 loss 0.11097
[d=5 p=0.008] epoch 6/25 loss 0.10941
[d=5 p=0.008] epoch 7/25 loss 0.10801
[d=5 p=0.008] epoch 8/25 loss 0.10697
[d=5 p=0.008] epoch 9/25 loss 0.10590
[d=5 p=0.008] epoch 10/25 loss 0.10493
[d=5 p=0.008] epoch 11/25 loss 0.10400
[d=5 p=0.008] epoch 12/25 loss 0.10305
[d=5 p=0.008] epoch 13/25 loss 0.10209
[d=5 p=0.008] epoch 14/25 loss 0.10118
[d=5 p=0.008] epoch 15/25 loss 0.10023
[d=5 p=0.008] epoch 16/25 loss 0.09923
[d=5 p=0.008] epoch 17/25 loss 0.09825
[d=5 p=0.008] epoch 18/25 loss 0.09734
[d=5 p=0.008] epoch 19/25 loss 0.09648
[d=5 p=0.008] epoch 20/25 loss 0.09568
[d=5 p=0.008] epoch 21/25 loss 0.09493
[d=5 p=0.008] epoch 22/25 loss 0.09432
[d=5 p=0.008] epoch 23/25 loss 0.09382
[d=5 p=0.008] epoch 24/25 loss 0.09343
[d=5 p=0.008] epoch 25/25 loss 0.09320
[d=5 p=0.008] eval_p=0.004 p_L nn=5.48e-03 mwpm=7.59e-03
[d=5 p=0.008] eval_p=0.006 p_L nn=1.82e-02 mwpm=2.31e-02
[d=5 p=0.008] eval_p=0.008 p_L nn=4.18e-02 mwpm=4.93e-02
wrote experiments/ladder_c16d3.results.json
=== ladder_c32d3 ===
[d=5 p=0.008] epoch 1/25 loss 0.16460
[d=5 p=0.008] epoch 2/25 loss 0.11726
[d=5 p=0.008] epoch 3/25 loss 0.10979
[d=5 p=0.008] epoch 4/25 loss 0.10656
[d=5 p=0.008] epoch 5/25 loss 0.10453
[d=5 p=0.008] epoch 6/25 loss 0.10298
[d=5 p=0.008] epoch 7/25 loss 0.10161
[d=5 p=0.008] epoch 8/25 loss 0.10047
[d=5 p=0.008] epoch 9/25 loss 0.09933
[d=5 p=0.008] epoch 10/25 loss 0.09818
[d=5 p=0.008] epoch 11/25 loss 0.09697
[d=5 p=0.008] epoch 12/25 loss 0.09585
[d=5 p=0.008] epoch 13/25 loss 0.09467
[d=5 p=0.008] epoch 14/25 loss 0.09353
[d=5 p=0.008] epoch 15/25 loss 0.09237
[d=5 p=0.008] epoch 16/25 loss 0.09115
[d=5 p=0.008] epoch 17/25 loss 0.08997
[d=5 p=0.008] epoch 18/25 loss 0.08880
[d=5 p=0.008] epoch 19/25 loss 0.08768
[d=5 p=0.008] epoch 20/25 loss 0.08666
[d=5 p=0.008] epoch 21/25 loss 0.08570
[d=5 p=0.008] epoch 22/25 loss 0.08490
[d=5 p=0.008] epoch 23/25 loss 0.08426
[d=5 p=0.008] epoch 24/25 loss 0.08379
[d=5 p=0.008] epoch 25/25 loss 0.08350
[d=5 p=0.008] eval_p=0.004 p_L nn=5.26e-03 mwpm=7.59e-03
[d=5 p=0.008] eval_p=0.006 p_L nn=1.73e-02 mwpm=2.31e-02
[d=5 p=0.008] eval_p=0.008 p_L nn=4.00e-02 mwpm=4.93e-02
wrote experiments/ladder_c32d3.results.json
=== ladder_c32d4 ===
[d=5 p=0.008] epoch 1/25 loss 0.14996
[d=5 p=0.008] epoch 2/25 loss 0.10824
[d=5 p=0.008] epoch 3/25 loss 0.10322
[d=5 p=0.008] epoch 4/25 loss 0.10054
[d=5 p=0.008] epoch 5/25 loss 0.09868
[d=5 p=0.008] epoch 6/25 loss 0.09718
[d=5 p=0.008] epoch 7/25 loss 0.09591
[d=5 p=0.008] epoch 8/25 loss 0.09470
[d=5 p=0.008] epoch 9/25 loss 0.09347
[d=5 p=0.008] epoch 10/25 loss 0.09223
[d=5 p=0.008] epoch 11/25 loss 0.09101
[d=5 p=0.008] epoch 12/25 loss 0.08970
[d=5 p=0.008] epoch 13/25 loss 0.08829
[d=5 p=0.008] epoch 14/25 loss 0.08681
[d=5 p=0.008] epoch 15/25 loss 0.08528
[d=5 p=0.008] epoch 16/25 loss 0.08369
[d=5 p=0.008] epoch 17/25 loss 0.08207
[d=5 p=0.008] epoch 18/25 loss 0.08047
[d=5 p=0.008] epoch 19/25 loss 0.07893
[d=5 p=0.008] epoch 20/25 loss 0.07752
[d=5 p=0.008] epoch 21/25 loss 0.07620
[d=5 p=0.008] epoch 22/25 loss 0.07513
[d=5 p=0.008] epoch 23/25 loss 0.07427
[d=5 p=0.008] epoch 24/25 loss 0.07364
[d=5 p=0.008] epoch 25/25 loss 0.07328
[d=5 p=0.008] eval_p=0.004 p_L nn=5.27e-03 mwpm=7.59e-03
[d=5 p=0.008] eval_p=0.006 p_L nn=1.74e-02 mwpm=2.31e-02
[d=5 p=0.008] eval_p=0.008 p_L nn=4.02e-02 mwpm=4.93e-02
wrote experiments/ladder_c32d4.results.json
LADDER_DONE
