=== ladder_c16d2_s41 ===
[d=5 p=0.008] epoch 1/25 loss 0.21045
[d=5 p=0.008] epoch 2/25 loss 0.14696
[d=5 p=0.008] epoch 3/25 loss 0.13905
[d=5 p=0.008] epoch 4/25 loss 0.13487
[d=5 p=0.008] epoch 5/25 loss 0.13060
[d=5 p=0.008] epoch 6/25 loss 0.12718
[d=5 p=0.008] epoch 7/25 loss 0.12478
[d=5 p=0.008] epoch 8/25 loss 0.12246
[d=5 p=0.008] epoch 9/25 loss 0.12067
[d=5 p=0.008] epoch 10/25 loss 0.11940
[d=5 p=0.008] epoch 11/25 loss 0.11835
[d=5 p=0.008] epoch 12/25 loss 0.11728
[d=5 p=0.008] epoch 13/25 loss 0.11634
[d=5 p=0.008] epoch 14/25 loss 0.11534
[d=5 p=0.008] epoch 15/25 loss 0.11444
[d=5 p=0.008] epoch 16/25 loss 0.11356
[d=5 p=0.008] epoch 17/25 loss 0.11270
[d=5 p=0.008] epoch 18/25 loss 0.11186
[d=5 p=0.008] epoch 19/25 loss 0.11107
[d=5 p=0.008] epoch 20/25 loss 0.11034
[d=5 p=0.008] epoch 21/25 loss 0.10969
[d=5 p=0.008] epoch 22/25 loss 0.10911
[d=5 p=0.008] epoch 23/25 loss 0.10864
[d=5 p=0.008] epoch 24/25 loss 0.10830
[d=5 p=0.008] epoch 25/25 loss 0.10808
[d=5 p=0.008] eval_p=0.004 p_L nn=5.94e-03 mwpm=7.51e-03
[d=5 p=0.008] eval_p=0.006 p_L nn=2.03e-02 mwpm=2.32e-02
[d=5 p=0.008] eval_p=0.008 p_L nn=4.51e-02 mwpm=4.89e-02
wrote experiments/ladder_c16d2_s41.results.json
=== ladder_c16d2_s53 ===
[d=5 p=0.008] epoch 1/25 loss 0.21131
[d=5 p=0.008] epoch 2/25 loss 0.14877
[d=5 p=0.008] epoch 3/25 loss 0.13921
[d=5 p=0.008] epoch 4/25 loss 0.13446
[d=5 p=0.008] epoch 5/25 loss 0.13139
[d=5 p=0.008] epoch 6/25 loss 0.12931
[d=5 p=0.008] epoch 7/25 loss 0.12749
[d=5 p=0.008] epoch 8/25 loss 0.12497
[d=5 p=0.008] epoch 9/25 loss 0.12261
[d=5 p=0.008] epoch 10/25 loss 0.12091
[d=5 p=0.008] epoch 11/25 loss 0.11962
[d=5 p=0.008] epoch 12/25 loss 0.11849
[d=5 p=0.008] epoch 13/25 loss 0.11737
[d=5 p=0.008] epoch 14/25 loss 0.11634
[d=5 p=0.008] epoch 15/25 loss 0.11528
[d=5 p=0.008] epoch 16/25 loss 0.11433
[d=5 p=0.008] epoch 17/25 loss 0.11339
[d=5 p=0.008] epoch 18/25 loss 0.11245
[d=5 p=0.008] epoch 19/25 loss 0.11158
[d=5 p=0.008] epoch 20/25 loss 0.11078
[d=5 p=0.008] epoch 21/25 loss 0.11005
[d=5 p=0.008] epoch 22/25 loss 0.10944
[d=5 p=0.008] epoch 23/25 loss 0.10892
[d=5 p=0.008] epoch 24/25 loss 0.10853
[d=5 p=0.008] epoch 25/25 loss 0.10830
[d=5 p=0.008] eval_p=0.004 p_L nn=5.89e-03 mwpm=7.53e-03
[d=5 p=0.008] eval_p=0.006 p_L nn=2.01e-02 mwpm=2.29e-02
[d=5 p=0.008] eval_p=0.008 p_L nn=4.56e-02 mwpm=4.89e-02
wrote experiments/ladder_c16d2_s53.results.json
=== ladder_c16d3_s41 ===
[d=5 p=0.008] epoch 1/25 loss 0.19142
[d=5 p=0.008] epoch 2/25 loss 0.13588
[d=5 p=0.008] epoch 3/25 loss 0.12599
[d=5 p=0.008] epoch 4/25 loss 0.12142
[d=5 p=0.008] epoch 5/25 loss 0.11848
[d=5 p=0.008] epoch 6/25 loss 0.11637
[d=5 p=0.008] epoch 7/25 loss 0.11467
[d=5 p=0.008] epoch 8/25 loss 0.11325
[d=5 p=0.008] epoch 9/25 loss 0.11196
[d=5 p=0.008] epoch 10/25 loss 0.11080
[d=5 p=0.008] epoch 11/25 loss 0.10968
[d=5 p=0.008] epoch 12/25 loss 0.10856
[d=5 p=0.008] epoch 13/25 loss 0.10749
[d=5 p=0.008] epoch 14/25 loss 0.10635
[d=5 p=0.008] epoch 15/25 loss 0.10530
[d=5 p=0.008] epoch 16/25 loss 0.10421
[d=5 p=0.008] epoch 17/25 loss 0.10317
[d=5 p=0.008] epoch 18/25 loss 0.10213
[d=5 p=0.008] epoch 19/25 loss 0.10118
[d=5 p=0.008] epoch 20/25 loss 0.10024
[d=5 p=0.008] epoch 21/25 loss 0.09943
[d=5 p=0.008] epoch 22/25 loss 0.09872
[d=5 p=0.008] epoch 23/25 loss 0.09815
[d=5 p=0.008] epoch 24/25 loss 0.09773
[d=5 p=0.008] epoch 25/25 loss 0.09746
[d=5 p=0.008] eval_p=0.004 p_L nn=5.69e-03 mwpm=7.51e-03
[d=5 p=0.008] eval_p=0.006 p_L nn=1.95e-02 mwpm=2.32e-02
[d=5 p=0.008] eval_p=0.008 p_L nn=4.39e-02 mwpm=4.89e-02
wrote experiments/ladder_c16d3_s41.results.json
=== ladder_c16d3_s53 ===
[d=5 p=0.008] epoch 1/25 loss 0.18475
[d=5 p=0.008] epoch 2/25 loss 0.13066
[d=5 p=0.008] epoch 3/25 loss 0.11948
[d=5 p=0.008] epoch 4/25 loss 0.11545
[d=5 p=0.008] epoch 5/25 loss 0.11302
[d=5 p=0.008] epoch 6/25 loss 0.11097
[d=5 p=0.008] epoch 7/25 loss 0.10947
[d=5 p=0.008] epoch 8/25 loss 0.10814
[d=5 p=0.008] epoch 9/25 loss 0.10691
[d=5 p=0.008] epoch 10/25 loss 0.10584
[d=5 p=0.008] epoch 11/25 loss 0.10472
[d=5 p=0.008] epoch 12/25 loss 0.10367
[d=5 p=0.008] epoch 13/25 loss 0.10262
[d=5 p=0.008] epoch 14/25 loss 0.10155
[d=5 p=0.008] epoch 15/25 loss 0.10052
[d=5 p=0.008] epoch 16/25 loss 0.09944
[d=5 p=0.008] epoch 17/25 loss 0.09842
[d=5 p=0.008] epoch 18/25 loss 0.09737
[d=5 p=0.008] epoch 19/25 loss 0.09638
[d=5 p=0.008] epoch 20/25 loss 0.09548
[d=5 p=0.008] epoch 21/25 loss 0.09464
[d=5 p=0.008] epoch 22/25 loss 0.09394
[d=5 p=0.008] epoch 23/25 loss 0.09336
[d=5 p=0.008] epoch 24/25 loss 0.09293
[d=5 p=0.008] epoch 25/25 loss 0.09267
[d=5 p=0.008] eval_p=0.004 p_L nn=5.46e-03 mwpm=7.53e-03
[d=5 p=0.008] eval_p=0.006 p_L nn=1.84e-02 mwpm=2.29e-02
[d=5 p=0.008] eval_p=0.008 p_L nn=4.23e-02 mwpm=4.89e-02
wrote experiments/ladder_c16d3_s53.results.json
=== ladder_c32d3_s41 ===
[d=5 p=0.008] epoch 1/25 loss 0.16328
[d=5 p=0.008] epoch 2/25 loss 0.11595
[d=5 p=0.008] epoch 3/25 loss 0.11019
[d=5 p=0.008] epoch 4/25 loss 0.10686
[d=5 p=0.008] epoch 5/25 loss 0.10459
[d=5 p=0.008] epoch 6/25 loss 0.10292
[d=5 p=0.008] epoch 7/25 loss 0.10142
[d=5 p=0.008] epoch 8/25 loss 0.10013
[d=5 p=0.008] epoch 9/25 loss 0.09885
[d=5 p=0.008] epoch 10/25 loss 0.09765
[d=5 p=0.008] epoch 11/25 loss 0.09644
[d=5 p=0.008] epoch 12/25 loss 0.09518
[d=5 p=0.008] epoch 13/25 loss 0.09399
[d=5 p=0.008] epoch 14/25 loss 0.09263
[d=5 p=0.008] epoch 15/25 loss 0.09131
[d=5 p=0.008] epoch 16/25 loss 0.08994
[d=5 p=0.008] epoch 17/25 loss 0.08867
[d=5 p=0.008] epoch 18/25 loss 0.08730
[d=5 p=0.008] epoch 19/25 loss 0.08605
[d=5 p=0.008] epoch 20/25 loss 0.08485
[d=5 p=0.008] epoch 21/25 loss 0.08379
[d=5 p=0.008] epoch 22/25 loss 0.08289
[d=5 p=0.008] epoch 23/25 loss 0.08215
[d=5 p=0.008] epoch 24/25 loss 0.08163
[d=5 p=0.008] epoch 25/25 loss 0.08131
[d=5 p=0.008] eval_p=0.004 p_L nn=5.26e-03 mwpm=7.51e-03
[d=5 p=0.008] eval_p=0.006 p_L nn=1.80e-02 mwpm=2.32e-02
[d=5 p=0.008] eval_p=0.008 p_L nn=4.06e-02 mwpm=4.89e-02
wrote experiments/ladder_c32d3_s41.results.json
=== ladder_c32d3_s53 ===
[d=5 p=0.008] epoch 1/25 loss 0.15845
[d=5 p=0.008] epoch 2/25 loss 0.11448
[d=5 p=0.008] epoch 3/25 loss 0.10871
[d=5 p=0.008] epoch 4/25 loss 0.10567
[d=5 p=0.008] epoch 5/25 loss 0.10372
[d=5 p=0.008] epoch 6/25 loss 0.10209
[d=5 p=0.008] epoch 7/25 loss 0.10068
[d=5 p=0.008] epoch 8/25 loss 0.09944
[d=5 p=0.008] epoch 9/25 loss 0.09827
[d=5 p=0.008] epoch 10/25 loss 0.09716
[d=5 p=0.008] epoch 11/25 loss 0.09603
[d=5 p=0.008] epoch 12/25 loss 0.09489
[d=5 p=0.008] epoch 13/25 loss 0.09367
[d=5 p=0.008] epoch 14/25 loss 0.09244
[d=5 p=0.008] epoch 15/25 loss 0.09121
[d=5 p=0.008] epoch 16/25 loss 0.08991
[d=5 p=0.008] epoch 17/25 loss 0.08863
[d=5 p=0.008] epoch 18/25 loss 0.08733
[d=5 p=0.008] epoch 19/25 loss 0.08611
[d=5 p=0.008] epoch 20/25 loss 0.08498
[d=5 p=0.008] epoch 21/25 loss 0.08395
[d=5 p=0.008] epoch 22/25 loss 0.08307
[d=5 p=0.008] epoch 23/25 loss 0.08236
[d=5 p=0.008] epoch 24/25 loss 0.08186
[d=5 p=0.008] epoch 25/25 loss 0.08155
[d=5 p=0.008] eval_p=0.004 p_L nn=5.08e-03 mwpm=7.53e-03
[d=5 p=0.008] eval_p=0.006 p_L nn=1.75e-02 mwpm=2.29e-02
[d=5 p=0.008] eval_p=0.008 p_L nn=4.01e-02 mwpm=4.89e-02
wrote experiments/ladder_c32d3_s53.results.json
SEEDS_DONE
