d5_at_q4_7/X/r13: 312 detectors -> volume (2, 14, 9, 9)
pretrain set: (8000000, 312), flip rate 0.2484
[pretrain] epoch 1/20 loss 0.04471
[pretrain] epoch 2/20 loss 0.01539
[pretrain] epoch 3/20 loss 0.01202
[pretrain] epoch 4/20 loss 0.01044
[pretrain] epoch 5/20 loss 0.00936
[pretrain] epoch 6/20 loss 0.00839
[pretrain] epoch 7/20 loss 0.00755
[pretrain] epoch 8/20 loss 0.00668
[pretrain] epoch 9/20 loss 0.00577
[pretrain] epoch 10/20 loss 0.00492
[pretrain] epoch 11/20 loss 0.00401
[pretrain] epoch 12/20 loss 0.00320
[pretrain] epoch 13/20 loss 0.00239
[pretrain] epoch 14/20 loss 0.00169
[pretrain] epoch 15/20 loss 0.00115
[pretrain] epoch 16/20 loss 0.00073
[pretrain] epoch 17/20 loss 0.00044
[pretrain] epoch 18/20 loss 0.00026
[pretrain] epoch 19/20 loss 0.00017
[pretrain] epoch 20/20 loss 0.00013
[finetune] epoch 1/15 loss 0.51195
[finetune] epoch 2/15 loss 0.26442
[finetune] epoch 3/15 loss 0.20714
[finetune] epoch 4/15 loss 0.17901
[finetune] epoch 5/15 loss 0.15890
[finetune] epoch 6/15 loss 0.14274
[finetune] epoch 7/15 loss 0.12960
[finetune] epoch 8/15 loss 0.11949
[finetune] epoch 9/15 loss 0.11129
[finetune] epoch 10/15 loss 0.10491
[finetune] epoch 11/15 loss 0.10020
[finetune] epoch 12/15 loss 0.09674
[finetune] epoch 13/15 loss 0.09447
[finetune] epoch 14/15 loss 0.09318
[finetune] epoch 15/15 loss 0.09255
{
  "experiment": "d5_at_q4_7/X/r13",
  "volume_shape": [
    2,
    14,
    9,
    9
  ],
  "detectors": 312,
  "test_shots": 10000,
  "params": 7157345,
  "nn_pretrained": 0.0745,
  "nn_finetuned": 0.0748,
  "mwpm_on_fitted_dem": 0.0639,
  "google:correlated_matching_decoder_with_rl_optimized_prior": 0.0425,
  "google:correlated_matching_decoder_with_si1000_prior": 0.045,
  "google:harmony_decoder_with_rl_optimized_prior": 0.0379,
  "google:harmony_decoder_with_si1000_prior": 0.0401
}
wrote experiments/sycamore_d5_r13.results.json
